
> react-example@0.0.0 build
> vite build

[36mvite v6.4.3 [32mbuilding for production...[36m[39m
transforming...
[32m✓[39m 2547 modules transformed.
[31m✗[39m Build failed in 22.12s
[31merror during build:
[31msrc/views/CashControlView.tsx (19:2): "calculateDailyCashPosition" is not exported by "src/lib/storage.ts", imported by "src/views/CashControlView.tsx".[31m
file: [36mC:/Users/HP EliteBook/Desktop/fincontrol-pro/src/views/CashControlView.tsx:19:2[31m
[33m
17:   logAudit,
18:   calculateFinancialSummary,
19:   calculateDailyCashPosition,
      ^
20:   openEmailDraft
21: } from '../lib/storage';
[31m
    at getRollupError (file:///C:/Users/HP%20EliteBook/Desktop/fincontrol-pro/node_modules/rollup/dist/es/shared/parseAst.js:317:41)
    at error (file:///C:/Users/HP%20EliteBook/Desktop/fincontrol-pro/node_modules/rollup/dist/es/shared/parseAst.js:313:42)
    at Module.error (file:///C:/Users/HP%20EliteBook/Desktop/fincontrol-pro/node_modules/rollup/dist/es/shared/node-entry.js:17154:16)
    at Module.traceVariable (file:///C:/Users/HP%20EliteBook/Desktop/fincontrol-pro/node_modules/rollup/dist/es/shared/node-entry.js:17587:29)
    at ModuleScope.findVariable (file:///C:/Users/HP%20EliteBook/Desktop/fincontrol-pro/node_modules/rollup/dist/es/shared/node-entry.js:15177:39)
    at ReturnValueScope.findVariable (file:///C:/Users/HP%20EliteBook/Desktop/fincontrol-pro/node_modules/rollup/dist/es/shared/node-entry.js:5397:38)
    at FunctionBodyScope.findVariable (file:///C:/Users/HP%20EliteBook/Desktop/fincontrol-pro/node_modules/rollup/dist/es/shared/node-entry.js:5397:38)
    at Identifier.bind (file:///C:/Users/HP%20EliteBook/Desktop/fincontrol-pro/node_modules/rollup/dist/es/shared/node-entry.js:5164:40)
    at CallExpression.bind (file:///C:/Users/HP%20EliteBook/Desktop/fincontrol-pro/node_modules/rollup/dist/es/shared/node-entry.js:2546:23)
    at CallExpression.bind (file:///C:/Users/HP%20EliteBook/Desktop/fincontrol-pro/node_modules/rollup/dist/es/shared/node-entry.js:12286:15)[39m
